#-----------------------------------------------------------
# Vivado v2025.2 (64-bit)
# SW Build 6299465 on Fri Nov 14 19:35:11 GMT 2025
# IP Build 6300035 on Fri Nov 14 10:48:45 MST 2025
# SharedData Build 6298862 on Thu Nov 13 04:50:51 MST 2025
# Start of session at: Wed Sep  9 10:36:55 2026
# Process ID         : 18108
# Current directory  : C:/Users/heyso/OneDrive/Desktop/32bitrisc
# Command line       : vivado.exe -gui_launcher_event rodinguilauncherevent21852 C:\Users\heyso\OneDrive\Desktop\32bitrisc\32bitrisc.xpr
# Log file           : C:/Users/heyso/OneDrive/Desktop/32bitrisc/vivado.log
# Journal file       : C:/Users/heyso/OneDrive/Desktop/32bitrisc\vivado.jou
# Running On         : Heysomes
# Platform           : Windows Server 2016 or Windows 10
# Operating System   : 26200
# Processor Detail   : AMD Ryzen 7 260 w/ Radeon 780M Graphics
# CPU Frequency      : 3793 MHz
# CPU Physical cores : 8
# CPU Logical cores  : 16
# Host memory        : 33602 MB
# Swap memory        : 16106 MB
# Total Virtual      : 49708 MB
# Available Virtual  : 2548 MB
#-----------------------------------------------------------
start_gui
open_project C:/Users/heyso/OneDrive/Desktop/32bitrisc/32bitrisc.xpr
update_compile_order -fileset sources_1
