Copyright 1986-2022 Xilinx, Inc. All Rights Reserved. Copyright 2022-2025 Advanced Micro Devices, Inc. All Rights Reserved.
---------------------------------------------------------------------------------------------------------------------------------------------
| Tool Version : Vivado v.2025.2 (win64) Build 6299465 Fri Nov 14 19:35:11 GMT 2025
| Date         : Mon Jul 13 11:23:58 2026
| Host         : Heysomes running 64-bit major release  (build 9200)
| Command      : report_control_sets -verbose -file top_fpga_control_sets_placed.rpt
| Design       : top_fpga
| Device       : xc7s25
---------------------------------------------------------------------------------------------------------------------------------------------

Control Set Information

Table of Contents
-----------------
1. Summary
2. Histogram
3. Flip-Flop Distribution
4. Detailed Control Set Information

1. Summary
----------

+----------------------------------------------------------+-------+
|                          Status                          | Count |
+----------------------------------------------------------+-------+
| Total control sets                                       |    63 |
|    Minimum number of control sets                        |    63 |
|    Addition due to synthesis replication                 |     0 |
|    Addition due to physical synthesis replication        |     0 |
| Unused register locations in slices containing registers |    73 |
+----------------------------------------------------------+-------+
* Control sets can be merged at opt_design using control_set_merge or merge_equivalent_drivers
** Run report_qor_suggestions for automated merging and remapping suggestions


2. Histogram
------------

+--------------------+-------+
|       Fanout       | Count |
+--------------------+-------+
| Total control sets |    63 |
| >= 0 to < 4        |     8 |
| >= 4 to < 6        |     0 |
| >= 6 to < 8        |     0 |
| >= 8 to < 10       |     3 |
| >= 10 to < 12      |     0 |
| >= 12 to < 14      |     0 |
| >= 14 to < 16      |     0 |
| >= 16              |    52 |
+--------------------+-------+
* Control sets can be remapped at either synth_design or opt_design


3. Flip-Flop Distribution
-------------------------

+--------------+-----------------------+------------------------+-----------------+--------------+
| Clock Enable | Synchronous Set/Reset | Asynchronous Set/Reset | Total Registers | Total Slices |
+--------------+-----------------------+------------------------+-----------------+--------------+
| No           | No                    | No                     |               0 |            0 |
| No           | No                    | Yes                    |              30 |           10 |
| No           | Yes                   | No                     |               0 |            0 |
| Yes          | No                    | No                     |               0 |            0 |
| Yes          | No                    | Yes                    |              48 |           21 |
| Yes          | Yes                   | No                     |            1505 |          561 |
+--------------+-----------------------+------------------------+-----------------+--------------+


4. Detailed Control Set Information
-----------------------------------

+----------------------+---------------------------------------------------+--------------------------------+------------------+----------------+--------------+
|     Clock Signal     |                   Enable Signal                   |        Set/Reset Signal        | Slice Load Count | Bel Load Count | Bels / Slice |
+----------------------+---------------------------------------------------+--------------------------------+------------------+----------------+--------------+
|  CLK100MHZ_IBUF_BUFG | rx_inst/shift_reg[7]_i_1__0_n_0                   | btn_IBUF[0]                    |                1 |              1 |         1.00 |
|  CLK100MHZ_IBUF_BUFG | rx_inst/shift_reg[2]_i_1__0_n_0                   | btn_IBUF[0]                    |                1 |              1 |         1.00 |
|  CLK100MHZ_IBUF_BUFG | rx_inst/shift_reg[5]_i_1__0_n_0                   | btn_IBUF[0]                    |                1 |              1 |         1.00 |
|  CLK100MHZ_IBUF_BUFG | rx_inst/shift_reg[6]_i_1__0_n_0                   | btn_IBUF[0]                    |                1 |              1 |         1.00 |
|  CLK100MHZ_IBUF_BUFG | rx_inst/shift_reg[0]_i_1__0_n_0                   | btn_IBUF[0]                    |                1 |              1 |         1.00 |
|  CLK100MHZ_IBUF_BUFG | rx_inst/shift_reg[1]_i_1__0_n_0                   | btn_IBUF[0]                    |                1 |              1 |         1.00 |
|  CLK100MHZ_IBUF_BUFG | rx_inst/shift_reg[3]_i_1__0_n_0                   | btn_IBUF[0]                    |                1 |              1 |         1.00 |
|  CLK100MHZ_IBUF_BUFG | rx_inst/shift_reg[4]_i_1__0_n_0                   | btn_IBUF[0]                    |                1 |              1 |         1.00 |
|  CLK100MHZ_IBUF_BUFG | rx_inst/E[0]                                      | btn_IBUF[0]                    |                2 |              8 |         4.00 |
|  CLK100MHZ_IBUF_BUFG | tx_inst/shift_reg_0[0]                            | btn_IBUF[0]                    |                2 |              8 |         4.00 |
|  CLK100MHZ_IBUF_BUFG | rx_inst/data[7]_i_1_n_0                           | btn_IBUF[0]                    |                3 |              8 |         2.67 |
|  CLK100MHZ_IBUF_BUFG | rx_inst/baud_counter[0]                           | btn_IBUF[0]                    |                6 |             16 |         2.67 |
|  CLK100MHZ_IBUF_BUFG |                                                   | btn_IBUF[0]                    |               10 |             30 |         3.00 |
| ~CLK100MHZ_IBUF_BUFG | cpu/mem_wb_register_inst/wb_reg_write_reg_22[0]   | btn_IBUF[0]                    |                6 |             32 |         5.33 |
| ~CLK100MHZ_IBUF_BUFG | cpu/mem_wb_register_inst/wb_reg_write_reg_5[0]    | btn_IBUF[0]                    |               10 |             32 |         3.20 |
| ~CLK100MHZ_IBUF_BUFG | cpu/mem_wb_register_inst/wb_reg_write_reg_19[0]   | btn_IBUF[0]                    |               11 |             32 |         2.91 |
| ~CLK100MHZ_IBUF_BUFG | cpu/mem_wb_register_inst/wb_reg_write_reg_15[0]   | btn_IBUF[0]                    |                8 |             32 |         4.00 |
| ~CLK100MHZ_IBUF_BUFG | cpu/mem_wb_register_inst/wb_reg_write_reg_14[0]   | btn_IBUF[0]                    |                6 |             32 |         5.33 |
| ~CLK100MHZ_IBUF_BUFG | cpu/mem_wb_register_inst/wb_reg_write_reg_17[0]   | btn_IBUF[0]                    |               13 |             32 |         2.46 |
| ~CLK100MHZ_IBUF_BUFG | cpu/mem_wb_register_inst/wb_reg_write_reg_29[0]   | btn_IBUF[0]                    |               19 |             32 |         1.68 |
| ~CLK100MHZ_IBUF_BUFG | cpu/mem_wb_register_inst/wb_reg_write_reg_13[0]   | btn_IBUF[0]                    |               10 |             32 |         3.20 |
| ~CLK100MHZ_IBUF_BUFG | cpu/mem_wb_register_inst/wb_reg_write_reg_4[0]    | btn_IBUF[0]                    |                9 |             32 |         3.56 |
| ~CLK100MHZ_IBUF_BUFG | cpu/mem_wb_register_inst/wb_reg_write_reg_7[0]    | btn_IBUF[0]                    |                7 |             32 |         4.57 |
| ~CLK100MHZ_IBUF_BUFG | cpu/mem_wb_register_inst/wb_reg_write_reg_8[0]    | btn_IBUF[0]                    |                9 |             32 |         3.56 |
| ~CLK100MHZ_IBUF_BUFG | cpu/mem_wb_register_inst/wb_reg_write_reg_26[0]   | btn_IBUF[0]                    |               12 |             32 |         2.67 |
| ~CLK100MHZ_IBUF_BUFG | cpu/mem_wb_register_inst/wb_reg_write_reg_11[0]   | btn_IBUF[0]                    |               10 |             32 |         3.20 |
| ~CLK100MHZ_IBUF_BUFG | cpu/mem_wb_register_inst/wb_reg_write_reg_21[0]   | btn_IBUF[0]                    |               14 |             32 |         2.29 |
| ~CLK100MHZ_IBUF_BUFG | cpu/mem_wb_register_inst/wb_reg_write_reg_28[0]   | btn_IBUF[0]                    |               17 |             32 |         1.88 |
| ~CLK100MHZ_IBUF_BUFG | cpu/mem_wb_register_inst/wb_reg_write_reg_18[0]   | btn_IBUF[0]                    |               10 |             32 |         3.20 |
| ~CLK100MHZ_IBUF_BUFG | cpu/mem_wb_register_inst/wb_reg_write_reg_1[0]    | btn_IBUF[0]                    |               10 |             32 |         3.20 |
| ~CLK100MHZ_IBUF_BUFG | cpu/mem_wb_register_inst/wb_reg_write_reg_27[0]   | btn_IBUF[0]                    |               17 |             32 |         1.88 |
| ~CLK100MHZ_IBUF_BUFG | cpu/mem_wb_register_inst/wb_reg_write_reg_2[0]    | btn_IBUF[0]                    |                9 |             32 |         3.56 |
| ~CLK100MHZ_IBUF_BUFG | cpu/mem_wb_register_inst/wb_reg_write_reg_20[0]   | btn_IBUF[0]                    |               12 |             32 |         2.67 |
| ~CLK100MHZ_IBUF_BUFG | cpu/mem_wb_register_inst/wb_reg_write_reg_12[0]   | btn_IBUF[0]                    |                8 |             32 |         4.00 |
| ~CLK100MHZ_IBUF_BUFG | cpu/mem_wb_register_inst/wb_reg_write_reg_3[0]    | btn_IBUF[0]                    |                9 |             32 |         3.56 |
| ~CLK100MHZ_IBUF_BUFG | cpu/mem_wb_register_inst/wb_reg_write_reg_30[0]   | btn_IBUF[0]                    |               15 |             32 |         2.13 |
| ~CLK100MHZ_IBUF_BUFG | cpu/mem_wb_register_inst/wb_reg_write_reg_6[0]    | btn_IBUF[0]                    |                8 |             32 |         4.00 |
| ~CLK100MHZ_IBUF_BUFG | cpu/mem_wb_register_inst/wb_reg_write_reg_16[0]   | btn_IBUF[0]                    |                6 |             32 |         5.33 |
| ~CLK100MHZ_IBUF_BUFG | cpu/mem_wb_register_inst/wb_reg_write_reg_9[0]    | btn_IBUF[0]                    |               10 |             32 |         3.20 |
| ~CLK100MHZ_IBUF_BUFG | cpu/mem_wb_register_inst/wb_reg_write_reg_0[0]    | btn_IBUF[0]                    |               10 |             32 |         3.20 |
| ~CLK100MHZ_IBUF_BUFG | cpu/mem_wb_register_inst/wb_reg_write_reg_10[0]   | btn_IBUF[0]                    |                8 |             32 |         4.00 |
| ~CLK100MHZ_IBUF_BUFG | cpu/mem_wb_register_inst/wb_reg_write_reg_23[0]   | btn_IBUF[0]                    |               11 |             32 |         2.91 |
| ~CLK100MHZ_IBUF_BUFG | cpu/mem_wb_register_inst/wb_reg_write_reg_24[0]   | btn_IBUF[0]                    |               12 |             32 |         2.67 |
| ~CLK100MHZ_IBUF_BUFG | cpu/mem_wb_register_inst/wb_reg_write_reg_25[0]   | btn_IBUF[0]                    |               16 |             32 |         2.00 |
|  CLK100MHZ_IBUF_BUFG | cpu/ex_mem_register_inst/E[0]                     | btn_IBUF[0]                    |               36 |             89 |         2.47 |
|  CLK100MHZ_IBUF_BUFG | cpu/ex_mem_register_inst/mem_alu_result_reg[11]_1 |                                |               32 |            128 |         4.00 |
|  CLK100MHZ_IBUF_BUFG | cpu/ex_mem_register_inst/mem_alu_result_reg[10]_0 |                                |               32 |            128 |         4.00 |
|  CLK100MHZ_IBUF_BUFG | cpu/ex_mem_register_inst/mem_alu_result_reg[11]_0 |                                |               32 |            128 |         4.00 |
|  CLK100MHZ_IBUF_BUFG | cpu/ex_mem_register_inst/mem_alu_result_reg[12]_0 |                                |               32 |            128 |         4.00 |
|  CLK100MHZ_IBUF_BUFG | cpu/ex_mem_register_inst/mem_alu_result_reg[13]_1 |                                |               32 |            128 |         4.00 |
|  CLK100MHZ_IBUF_BUFG | cpu/ex_mem_register_inst/mem_alu_result_reg[13]_3 |                                |               32 |            128 |         4.00 |
|  CLK100MHZ_IBUF_BUFG | cpu/ex_mem_register_inst/mem_alu_result_reg[31]_0 |                                |               32 |            128 |         4.00 |
|  CLK100MHZ_IBUF_BUFG | cpu/ex_mem_register_inst/mem_alu_result_reg[31]_3 |                                |               32 |            128 |         4.00 |
|  CLK100MHZ_IBUF_BUFG | cpu/ex_mem_register_inst/mem_alu_result_reg[31]_6 |                                |               32 |            128 |         4.00 |
|  CLK100MHZ_IBUF_BUFG | cpu/ex_mem_register_inst/mem_alu_result_reg[31]_4 |                                |               32 |            128 |         4.00 |
|  CLK100MHZ_IBUF_BUFG | cpu/ex_mem_register_inst/mem_alu_result_reg[31]_5 |                                |               32 |            128 |         4.00 |
|  CLK100MHZ_IBUF_BUFG | cpu/ex_mem_register_inst/mem_alu_result_reg[13]_2 |                                |               32 |            128 |         4.00 |
|  CLK100MHZ_IBUF_BUFG | cpu/ex_mem_register_inst/mem_alu_result_reg[12]_1 |                                |               32 |            128 |         4.00 |
|  CLK100MHZ_IBUF_BUFG | cpu/ex_mem_register_inst/mem_alu_result_reg[13]_0 |                                |               32 |            128 |         4.00 |
|  CLK100MHZ_IBUF_BUFG | cpu/ex_mem_register_inst/mem_alu_result_reg[31]_2 |                                |               32 |            128 |         4.00 |
|  CLK100MHZ_IBUF_BUFG | cpu/ex_mem_register_inst/mem_alu_result_reg[12]_2 |                                |               32 |            128 |         4.00 |
|  CLK100MHZ_IBUF_BUFG | cpu/ex_mem_register_inst/p_0_in                   | cpu/ex_mem_register_inst/SR[0] |               70 |            149 |         2.13 |
|  CLK100MHZ_IBUF_BUFG | cpu/ex_mem_register_inst/p_0_in                   | btn_IBUF[0]                    |              123 |            275 |         2.24 |
+----------------------+---------------------------------------------------+--------------------------------+------------------+----------------+--------------+


